<?xml version="1.0" encoding="UTF-8"?>
<testsuites name="jest tests" tests="173" failures="0" errors="0" time="2.126">
  <testsuite name="&lt;Toast /&gt;" errors="0" failures="0" skipped="0" timestamp="2025-12-03T11:04:24" time="0.734" tests="6">
    <testcase classname="&lt;Toast /&gt; 메시지를 렌더링합니다." name="&lt;Toast /&gt; 메시지를 렌더링합니다." time="0.017" file="src/components/common/Toast/Toast.test.tsx">
    </testcase>
    <testcase classname="&lt;Toast /&gt; 성공 타입일 때 green 배경을 적용합니다." name="&lt;Toast /&gt; 성공 타입일 때 green 배경을 적용합니다." time="0.003" file="src/components/common/Toast/Toast.test.tsx">
    </testcase>
    <testcase classname="&lt;Toast /&gt; 에러 타입일 때 red 배경을 적용합니다." name="&lt;Toast /&gt; 에러 타입일 때 red 배경을 적용합니다." time="0.002" file="src/components/common/Toast/Toast.test.tsx">
    </testcase>
    <testcase classname="&lt;Toast /&gt; 경고 타입일 때 yellow 배경을 적용합니다." name="&lt;Toast /&gt; 경고 타입일 때 yellow 배경을 적용합니다." time="0.001" file="src/components/common/Toast/Toast.test.tsx">
    </testcase>
    <testcase classname="&lt;Toast /&gt; 알 수 없는 타입은 success로 폴백합니다." name="&lt;Toast /&gt; 알 수 없는 타입은 success로 폴백합니다." time="0.003" file="src/components/common/Toast/Toast.test.tsx">
    </testcase>
    <testcase classname="&lt;Toast /&gt; Icon에 이름과 크기가 전달됩니다." name="&lt;Toast /&gt; Icon에 이름과 크기가 전달됩니다." time="0.002" file="src/components/common/Toast/Toast.test.tsx">
    </testcase>
  </testsuite>
  <testsuite name="Caption 컴포넌트" errors="0" failures="0" skipped="0" timestamp="2025-12-03T11:04:24" time="0.783" tests="5">
    <testcase classname="Caption 컴포넌트 isSuccess가 true일 때 successMessage를 &apos;text-system-success&apos; 클래스와 함께 렌더링하는지 확인" name="Caption 컴포넌트 isSuccess가 true일 때 successMessage를 &apos;text-system-success&apos; 클래스와 함께 렌더링하는지 확인" time="0.018" file="src/components/common/Input/_internal/Caption/Caption.test.tsx">
    </testcase>
    <testcase classname="Caption 컴포넌트 isSuccess가 false이고 hasError가 true일 때 errorMessage를 &apos;text-system-warning&apos; 클래스와 함께 렌더링한다" name="Caption 컴포넌트 isSuccess가 false이고 hasError가 true일 때 errorMessage를 &apos;text-system-warning&apos; 클래스와 함께 렌더링한다" time="0.001" file="src/components/common/Input/_internal/Caption/Caption.test.tsx">
    </testcase>
    <testcase classname="Caption 컴포넌트 isSuccess와 hasError가 모두 false일 때 rule 메시지를 &apos;text-fg-layout-body-default&apos; 클래스와 함께 렌더링한다" name="Caption 컴포넌트 isSuccess와 hasError가 모두 false일 때 rule 메시지를 &apos;text-fg-layout-body-default&apos; 클래스와 함께 렌더링한다" time="0.002" file="src/components/common/Input/_internal/Caption/Caption.test.tsx">
    </testcase>
    <testcase classname="Caption 컴포넌트 props가 제공되지 않으면 &apos;Rule&apos; 상태가 되며, 텍스트가 없어 빈 &lt;p&gt; 태그를 렌더링한다" name="Caption 컴포넌트 props가 제공되지 않으면 &apos;Rule&apos; 상태가 되며, 텍스트가 없어 빈 &lt;p&gt; 태그를 렌더링한다" time="0.001" file="src/components/common/Input/_internal/Caption/Caption.test.tsx">
    </testcase>
    <testcase classname="Caption 컴포넌트 isSuccess가 true이지만 successMessage가 없으면, &apos;text-system-success&apos; 클래스를 가진 빈 &lt;p&gt; 태그를 렌더링한다" name="Caption 컴포넌트 isSuccess가 true이지만 successMessage가 없으면, &apos;text-system-success&apos; 클래스를 가진 빈 &lt;p&gt; 태그를 렌더링한다" time="0.002" file="src/components/common/Input/_internal/Caption/Caption.test.tsx">
    </testcase>
  </testsuite>
  <testsuite name="Label 컴포넌트" errors="0" failures="0" skipped="0" timestamp="2025-12-03T11:04:24" time="0.775" tests="4">
    <testcase classname="Label 컴포넌트 label 텍스트와 htmlFor 속성을 올바르게 렌더링 하는지 확인" name="Label 컴포넌트 label 텍스트와 htmlFor 속성을 올바르게 렌더링 하는지 확인" time="0.017" file="src/components/common/Input/_internal/Label/Label.test.tsx">
    </testcase>
    <testcase classname="Label 컴포넌트 required prop이 true일 때 RequiredText(Mock)를 렌더링하는지 확인" name="Label 컴포넌트 required prop이 true일 때 RequiredText(Mock)를 렌더링하는지 확인" time="0.003" file="src/components/common/Input/_internal/Label/Label.test.tsx">
    </testcase>
    <testcase classname="Label 컴포넌트 required prop이 false이거나 없을 때 RequiredText(Mock)를 렌더링하지 않는지 확인" name="Label 컴포넌트 required prop이 false이거나 없을 때 RequiredText(Mock)를 렌더링하지 않는지 확인" time="0.004" file="src/components/common/Input/_internal/Label/Label.test.tsx">
    </testcase>
    <testcase classname="Label 컴포넌트 className과 같은 추가 HTML 속성을 올바르게 전달하는지 확인" name="Label 컴포넌트 className과 같은 추가 HTML 속성을 올바르게 전달하는지 확인" time="0.001" file="src/components/common/Input/_internal/Label/Label.test.tsx">
    </testcase>
  </testsuite>
  <testsuite name="&lt;PopupLayout /&gt;" errors="0" failures="0" skipped="0" timestamp="2025-12-03T11:04:24" time="0.786" tests="6">
    <testcase classname="&lt;PopupLayout /&gt; isOpen=false이면 렌더하지 않습니다." name="&lt;PopupLayout /&gt; isOpen=false이면 렌더하지 않습니다." time="0.015" file="src/components/domain/PopupLayout/PopupLayout.test.tsx">
    </testcase>
    <testcase classname="&lt;PopupLayout /&gt; isOpen=true이면 children을 렌더합니다." name="&lt;PopupLayout /&gt; isOpen=true이면 children을 렌더합니다." time="0.004" file="src/components/domain/PopupLayout/PopupLayout.test.tsx">
    </testcase>
    <testcase classname="&lt;PopupLayout /&gt; 백드롭에서 mousedown 시 onClose가 호출됩니다." name="&lt;PopupLayout /&gt; 백드롭에서 mousedown 시 onClose가 호출됩니다." time="0.003" file="src/components/domain/PopupLayout/PopupLayout.test.tsx">
    </testcase>
    <testcase classname="&lt;PopupLayout /&gt; 컨텐츠 내부 클릭은 이벤트 전파를 막아 onClose가 호출되지 않습니다." name="&lt;PopupLayout /&gt; 컨텐츠 내부 클릭은 이벤트 전파를 막아 onClose가 호출되지 않습니다." time="0.002" file="src/components/domain/PopupLayout/PopupLayout.test.tsx">
    </testcase>
    <testcase classname="&lt;PopupLayout /&gt; 추가 className이 병합되어 적용됩니다." name="&lt;PopupLayout /&gt; 추가 className이 병합되어 적용됩니다." time="0.003" file="src/components/domain/PopupLayout/PopupLayout.test.tsx">
    </testcase>
    <testcase classname="&lt;PopupLayout /&gt; useModalLockAndEsc 훅이 올바른 파라미터로 호출됩니다." name="&lt;PopupLayout /&gt; useModalLockAndEsc 훅이 올바른 파라미터로 호출됩니다." time="0.001" file="src/components/domain/PopupLayout/PopupLayout.test.tsx">
    </testcase>
  </testsuite>
  <testsuite name="ModalLayout" errors="0" failures="0" skipped="0" timestamp="2025-12-03T11:04:24" time="0.798" tests="4">
    <testcase classname="ModalLayout isOpen=false일 때 렌더링되지 않습니다" name="ModalLayout isOpen=false일 때 렌더링되지 않습니다" time="0.009" file="src/components/common/Modal/_internal/ModalLayout.test.tsx">
    </testcase>
    <testcase classname="ModalLayout isOpen=true일 때 포털로 렌더링되고 자식이 표시됩니다" name="ModalLayout isOpen=true일 때 포털로 렌더링되고 자식이 표시됩니다" time="0.026" file="src/components/common/Modal/_internal/ModalLayout.test.tsx">
    </testcase>
    <testcase classname="ModalLayout className이 dialog 래퍼에 합쳐집니다" name="ModalLayout className이 dialog 래퍼에 합쳐집니다" time="0.007" file="src/components/common/Modal/_internal/ModalLayout.test.tsx">
    </testcase>
    <testcase classname="ModalLayout 백드롭을 클릭하면 onClose가 호출되고, 내부 클릭은 호출되지 않습니다" name="ModalLayout 백드롭을 클릭하면 onClose가 호출되고, 내부 클릭은 호출되지 않습니다" time="0.008" file="src/components/common/Modal/_internal/ModalLayout.test.tsx">
    </testcase>
  </testsuite>
  <testsuite name="&lt;ConfirmModal /&gt;" errors="0" failures="0" skipped="0" timestamp="2025-12-03T11:04:24" time="0.813" tests="7">
    <testcase classname="&lt;ConfirmModal /&gt; isOpen=false이면 렌더하지 않습니다." name="&lt;ConfirmModal /&gt; isOpen=false이면 렌더하지 않습니다." time="0.015" file="src/components/common/Modal/ConfirmModal.test.tsx">
    </testcase>
    <testcase classname="&lt;ConfirmModal /&gt; 열렸을 때 제목과 내용을 렌더합니다." name="&lt;ConfirmModal /&gt; 열렸을 때 제목과 내용을 렌더합니다." time="0.039" file="src/components/common/Modal/ConfirmModal.test.tsx">
    </testcase>
    <testcase classname="&lt;ConfirmModal /&gt; 아이콘 props가 있으면 아이콘을 렌더합니다." name="&lt;ConfirmModal /&gt; 아이콘 props가 있으면 아이콘을 렌더합니다." time="0.002" file="src/components/common/Modal/ConfirmModal.test.tsx">
    </testcase>
    <testcase classname="&lt;ConfirmModal /&gt; 확인/취소 버튼 클릭 시 핸들러를 호출합니다." name="&lt;ConfirmModal /&gt; 확인/취소 버튼 클릭 시 핸들러를 호출합니다." time="0.01" file="src/components/common/Modal/ConfirmModal.test.tsx">
    </testcase>
    <testcase classname="&lt;ConfirmModal /&gt; 백드롭 mousedown 시 onClose를 호출합니다." name="&lt;ConfirmModal /&gt; 백드롭 mousedown 시 onClose를 호출합니다." time="0.002" file="src/components/common/Modal/ConfirmModal.test.tsx">
    </testcase>
    <testcase classname="&lt;ConfirmModal /&gt; 컨텐츠 영역 mousedown은 전파가 차단되어 onClose가 호출되지 않습니다." name="&lt;ConfirmModal /&gt; 컨텐츠 영역 mousedown은 전파가 차단되어 onClose가 호출되지 않습니다." time="0.003" file="src/components/common/Modal/ConfirmModal.test.tsx">
    </testcase>
    <testcase classname="&lt;ConfirmModal /&gt; size=&quot;small&quot;일 때 클래스 병합이 전달됩니다. (스냅샷 수준 검증)" name="&lt;ConfirmModal /&gt; size=&quot;small&quot;일 때 클래스 병합이 전달됩니다. (스냅샷 수준 검증)" time="0.001" file="src/components/common/Modal/ConfirmModal.test.tsx">
    </testcase>
  </testsuite>
  <testsuite name="Icon 컴포넌트" errors="0" failures="0" skipped="0" timestamp="2025-12-03T11:04:24" time="0.816" tests="6">
    <testcase classname="Icon 컴포넌트 name으로 전달된 아이콘을 렌더링합니다." name="Icon 컴포넌트 name으로 전달된 아이콘을 렌더링합니다." time="0.025" file="src/components/common/Icon/Icon.test.tsx">
    </testcase>
    <testcase classname="Icon 컴포넌트 size prop이 지정되지 않으면 기본값 24로 렌더링됩니다." name="Icon 컴포넌트 size prop이 지정되지 않으면 기본값 24로 렌더링됩니다." time="0.002" file="src/components/common/Icon/Icon.test.tsx">
    </testcase>
    <testcase classname="Icon 컴포넌트 size prop이 지정되면 해당 값으로 렌더링됩니다." name="Icon 컴포넌트 size prop이 지정되면 해당 값으로 렌더링됩니다." time="0.006" file="src/components/common/Icon/Icon.test.tsx">
    </testcase>
    <testcase classname="Icon 컴포넌트 title prop이 전달되면 aria-label이 설정되고 aria-hidden은 false입니다." name="Icon 컴포넌트 title prop이 전달되면 aria-label이 설정되고 aria-hidden은 false입니다." time="0.001" file="src/components/common/Icon/Icon.test.tsx">
    </testcase>
    <testcase classname="Icon 컴포넌트 title prop이 없으면 aria-hidden이 true입니다." name="Icon 컴포넌트 title prop이 없으면 aria-hidden이 true입니다." time="0.002" file="src/components/common/Icon/Icon.test.tsx">
    </testcase>
    <testcase classname="Icon 컴포넌트 존재하지 않는 name을 전달하면 undefined로 인해 에러가 발생합니다." name="Icon 컴포넌트 존재하지 않는 name을 전달하면 undefined로 인해 에러가 발생합니다." time="0.025" file="src/components/common/Icon/Icon.test.tsx">
    </testcase>
  </testsuite>
  <testsuite name="TitleSection" errors="0" failures="0" skipped="0" timestamp="2025-12-03T11:04:24" time="0.875" tests="4">
    <testcase classname="TitleSection 제목 입력 섹션이 렌더링되어야 한다" name="TitleSection 제목 입력 섹션이 렌더링되어야 한다" time="0.016" file="src/app/(route)/write/_components/TitleSection/TitleSection.test.tsx">
    </testcase>
    <testcase classname="TitleSection 제목 입력 input이 존재하고 placeholder가 설정되어 있어야 한다" name="TitleSection 제목 입력 input이 존재하고 placeholder가 설정되어 있어야 한다" time="0.005" file="src/app/(route)/write/_components/TitleSection/TitleSection.test.tsx">
    </testcase>
    <testcase classname="TitleSection 라벨 텍스트와 RequiredText가 함께 표시되어야 한다" name="TitleSection 라벨 텍스트와 RequiredText가 함께 표시되어야 한다" time="0.003" file="src/app/(route)/write/_components/TitleSection/TitleSection.test.tsx">
    </testcase>
    <testcase classname="TitleSection 사용자가 입력을 시작하면 placeholder가 사라져야 한다 (peer 스타일 작동 확인용)" name="TitleSection 사용자가 입력을 시작하면 placeholder가 사라져야 한다 (peer 스타일 작동 확인용)" time="0.081" file="src/app/(route)/write/_components/TitleSection/TitleSection.test.tsx">
    </testcase>
  </testsuite>
  <testsuite name="&lt;Tab /&gt;" errors="0" failures="0" skipped="0" timestamp="2025-12-03T11:04:24" time="0.866" tests="4">
    <testcase classname="&lt;Tab /&gt; 모든 탭 레이블을 렌더링합니다." name="&lt;Tab /&gt; 모든 탭 레이블을 렌더링합니다." time="0.066" file="src/components/domain/Tab/Tab.test.tsx">
    </testcase>
    <testcase classname="&lt;Tab /&gt; 선택된 탭에만 선택 스타일 클래스를 적용합니다." name="&lt;Tab /&gt; 선택된 탭에만 선택 스타일 클래스를 적용합니다." time="0.016" file="src/components/domain/Tab/Tab.test.tsx">
    </testcase>
    <testcase classname="&lt;Tab /&gt; 탭 클릭 시 onValueChange를 해당 key로 호출합니다." name="&lt;Tab /&gt; 탭 클릭 시 onValueChange를 해당 key로 호출합니다." time="0.01" file="src/components/domain/Tab/Tab.test.tsx">
    </testcase>
    <testcase classname="&lt;Tab /&gt; 이미 선택된 탭 클릭도 onValueChange를 호출합니다. (현재 구현 기준)" name="&lt;Tab /&gt; 이미 선택된 탭 클릭도 onValueChange를 호출합니다. (현재 구현 기준)" time="0.004" file="src/components/domain/Tab/Tab.test.tsx">
    </testcase>
  </testsuite>
  <testsuite name="CategoryPopup" errors="0" failures="0" skipped="0" timestamp="2025-12-03T11:04:24" time="0.886" tests="3">
    <testcase classname="CategoryPopup isOpen=true이면 제목과 7개 옵션이 렌더링되어야 합니다" name="CategoryPopup isOpen=true이면 제목과 7개 옵션이 렌더링되어야 합니다" time="0.024" file="src/app/(route)/write/_components/_internal/CategoryPopup/CategoryPopup.test.tsx">
    </testcase>
    <testcase classname="CategoryPopup 옵션 클릭 시 해당 라디오가 선택되어야 합니다" name="CategoryPopup 옵션 클릭 시 해당 라디오가 선택되어야 합니다" time="0.048" file="src/app/(route)/write/_components/_internal/CategoryPopup/CategoryPopup.test.tsx">
    </testcase>
    <testcase classname="CategoryPopup 선택 전/후 적용하기 버튼 클래스가 변경되어야 합니다" name="CategoryPopup 선택 전/후 적용하기 버튼 클래스가 변경되어야 합니다" time="0.032" file="src/app/(route)/write/_components/_internal/CategoryPopup/CategoryPopup.test.tsx">
    </testcase>
  </testsuite>
  <testsuite name="CategorySection" errors="0" failures="0" skipped="0" timestamp="2025-12-03T11:04:24" time="0.904" tests="6">
    <testcase classname="CategorySection 섹션이 렌더링되어야 한다" name="CategorySection 섹션이 렌더링되어야 한다" time="0.016" file="src/app/(route)/write/_components/CategorySection/CategorySection.test.tsx">
    </testcase>
    <testcase classname="CategorySection 라벨 텍스트와 RequiredText가 표시되어야 한다" name="CategorySection 라벨 텍스트와 RequiredText가 표시되어야 한다" time="0.006" file="src/app/(route)/write/_components/CategorySection/CategorySection.test.tsx">
    </testcase>
    <testcase classname="CategorySection 화살표 아이콘이 표시되어야 한다" name="CategorySection 화살표 아이콘이 표시되어야 한다" time="0.002" file="src/app/(route)/write/_components/CategorySection/CategorySection.test.tsx">
    </testcase>
    <testcase classname="CategorySection 섹션을 클릭하면 카테고리 팝업이 열려야 한다" name="CategorySection 섹션을 클릭하면 카테고리 팝업이 열려야 한다" time="0.033" file="src/app/(route)/write/_components/CategorySection/CategorySection.test.tsx">
    </testcase>
    <testcase classname="CategorySection 팝업의 닫기 버튼을 누르면 팝업이 닫혀야 한다" name="CategorySection 팝업의 닫기 버튼을 누르면 팝업이 닫혀야 한다" time="0.047" file="src/app/(route)/write/_components/CategorySection/CategorySection.test.tsx">
    </testcase>
    <testcase classname="CategorySection 우측 버튼 요소가 존재해야 한다" name="CategorySection 우측 버튼 요소가 존재해야 한다" time="0.005" file="src/app/(route)/write/_components/CategorySection/CategorySection.test.tsx">
    </testcase>
  </testsuite>
  <testsuite name="TabContents" errors="0" failures="0" skipped="0" timestamp="2025-12-03T11:04:24" time="0.903" tests="3">
    <testcase classname="TabContents 초기 상태에서는 게시글 탭 콘텐츠가 표시되어야 합니다" name="TabContents 초기 상태에서는 게시글 탭 콘텐츠가 표시되어야 합니다" time="0.066" file="src/app/(route)/user/[id]/_components/TabContents/TabContents.test.tsx">
    </testcase>
    <testcase classname="TabContents 댓글 탭 클릭 시 댓글 콘텐츠가 표시되어야 합니다" name="TabContents 댓글 탭 클릭 시 댓글 콘텐츠가 표시되어야 합니다" time="0.022" file="src/app/(route)/user/[id]/_components/TabContents/TabContents.test.tsx">
    </testcase>
    <testcase classname="TabContents 즐겨찾기 탭 클릭 시 즐겨찾기 콘텐츠가 표시되어야 합니다" name="TabContents 즐겨찾기 탭 클릭 시 즐겨찾기 콘텐츠가 표시되어야 합니다" time="0.022" file="src/app/(route)/user/[id]/_components/TabContents/TabContents.test.tsx">
    </testcase>
  </testsuite>
  <testsuite name="DeleteButton 컴포넌트" errors="0" failures="0" skipped="0" timestamp="2025-12-03T11:04:25" time="0.131" tests="7">
    <testcase classname="DeleteButton 컴포넌트 기본적으로 렌더링되며 &apos;Delete&apos; 아이콘(Mock)을 포함하는지 확인" name="DeleteButton 컴포넌트 기본적으로 렌더링되며 &apos;Delete&apos; 아이콘(Mock)을 포함하는지 확인" time="0.004" file="src/components/common/Input/_internal/DeleteButton/DeleteButton.test.tsx">
    </testcase>
    <testcase classname="DeleteButton 컴포넌트 value prop이 없거나 빈 문자열이면 &apos;opacity-0&apos;를 가지는지 확인" name="DeleteButton 컴포넌트 value prop이 없거나 빈 문자열이면 &apos;opacity-0&apos;를 가지는지 확인" time="0.002" file="src/components/common/Input/_internal/DeleteButton/DeleteButton.test.tsx">
    </testcase>
    <testcase classname="DeleteButton 컴포넌트 value prop에 값이 있으면 &apos;opacity-0&apos; 클래스를 가지지 않는지 확인" name="DeleteButton 컴포넌트 value prop에 값이 있으면 &apos;opacity-0&apos; 클래스를 가지지 않는지 확인" time="0.002" file="src/components/common/Input/_internal/DeleteButton/DeleteButton.test.tsx">
    </testcase>
    <testcase classname="DeleteButton 컴포넌트 eyeShow prop이 false(기본값)일 때 &apos;right-2&apos; 클래스를 가지는지 확인" name="DeleteButton 컴포넌트 eyeShow prop이 false(기본값)일 때 &apos;right-2&apos; 클래스를 가지는지 확인" time="0.005" file="src/components/common/Input/_internal/DeleteButton/DeleteButton.test.tsx">
    </testcase>
    <testcase classname="DeleteButton 컴포넌트 eyeShow prop이 true일 때 &apos;right-8&apos; 클래스를 가지는지 확인" name="DeleteButton 컴포넌트 eyeShow prop이 true일 때 &apos;right-8&apos; 클래스를 가지는지 확인" time="0.001" file="src/components/common/Input/_internal/DeleteButton/DeleteButton.test.tsx">
    </testcase>
    <testcase classname="DeleteButton 컴포넌트 버튼 클릭 시 onDelete 함수가 1번 호출되는지 확인" name="DeleteButton 컴포넌트 버튼 클릭 시 onDelete 함수가 1번 호출되는지 확인" time="0.016" file="src/components/common/Input/_internal/DeleteButton/DeleteButton.test.tsx">
    </testcase>
    <testcase classname="DeleteButton 컴포넌트 custom className prop이 전달되면 클래스 목록에 포함되는지 확인" name="DeleteButton 컴포넌트 custom className prop이 전달되면 클래스 목록에 포함되는지 확인" time="0.001" file="src/components/common/Input/_internal/DeleteButton/DeleteButton.test.tsx">
    </testcase>
  </testsuite>
  <testsuite name="undefined" errors="0" failures="0" skipped="0" timestamp="2025-12-03T11:04:25" time="0.155" tests="3">
    <testcase classname=" 기본 상태인 title, 뒤로가기 버튼 렌더링 여부 확인" name=" 기본 상태인 title, 뒤로가기 버튼 렌더링 여부 확인" time="0.02" file="src/components/layout/DetailHeader/DetailHeader.test.tsx">
    </testcase>
    <testcase classname=" 내부 컴파운드 버튼 렌더링 여부 확인 및 클릭 시 이벤트 호출 확인" name=" 내부 컴파운드 버튼 렌더링 여부 확인 및 클릭 시 이벤트 호출 확인" time="0.024" file="src/components/layout/DetailHeader/DetailHeader.test.tsx">
    </testcase>
    <testcase classname=" Save 버튼 disabled/활성화에 따라 클래스가 바뀌는지 확인" name=" Save 버튼 disabled/활성화에 따라 클래스가 바뀌는지 확인" time="0.001" file="src/components/layout/DetailHeader/DetailHeader.test.tsx">
    </testcase>
  </testsuite>
  <testsuite name="LocationSection" errors="0" failures="0" skipped="0" timestamp="2025-12-03T11:04:25" time="0.145" tests="4">
    <testcase classname="LocationSection 위치 등록 섹션이 렌더링되어야 한다" name="LocationSection 위치 등록 섹션이 렌더링되어야 한다" time="0.007" file="src/app/(route)/write/_components/LocationSection/LocationSection.test.tsx">
    </testcase>
    <testcase classname="LocationSection 위치 텍스트와 RequiredText가 표시되어야 한다" name="LocationSection 위치 텍스트와 RequiredText가 표시되어야 한다" time="0.002" file="src/app/(route)/write/_components/LocationSection/LocationSection.test.tsx">
    </testcase>
    <testcase classname="LocationSection Location 아이콘과 ArrowRight 아이콘이 각각 존재해야 한다" name="LocationSection Location 아이콘과 ArrowRight 아이콘이 각각 존재해야 한다" time="0.002" file="src/app/(route)/write/_components/LocationSection/LocationSection.test.tsx">
    </testcase>
    <testcase classname="LocationSection 위치 열기 버튼이 존재해야 한다" name="LocationSection 위치 열기 버튼이 존재해야 한다" time="0.017" file="src/app/(route)/write/_components/LocationSection/LocationSection.test.tsx">
    </testcase>
  </testsuite>
  <testsuite name="ManualItem" errors="0" failures="0" skipped="0" timestamp="2025-12-03T11:04:25" time="0.215" tests="5">
    <testcase classname="ManualItem 닫힘 상태일 때 내용이 보이지 않고 aria-expanded=false 입니다." name="ManualItem 닫힘 상태일 때 내용이 보이지 않고 aria-expanded=false 입니다." time="0.024" file="src/app/(route)/manual/_components/ManualItem/ManualItem.test.tsx">
    </testcase>
    <testcase classname="ManualItem 열림 상태일 때 내용이 보이고 aria-expanded=true 입니다." name="ManualItem 열림 상태일 때 내용이 보이고 aria-expanded=true 입니다." time="0.005" file="src/app/(route)/manual/_components/ManualItem/ManualItem.test.tsx">
    </testcase>
    <testcase classname="ManualItem href가 주어지면 링크와 버튼 텍스트가 렌더링됩니다." name="ManualItem href가 주어지면 링크와 버튼 텍스트가 렌더링됩니다." time="0.005" file="src/app/(route)/manual/_components/ManualItem/ManualItem.test.tsx">
    </testcase>
    <testcase classname="ManualItem 헤더 클릭 시 onToggle이 호출됩니다." name="ManualItem 헤더 클릭 시 onToggle이 호출됩니다." time="0.004" file="src/app/(route)/manual/_components/ManualItem/ManualItem.test.tsx">
    </testcase>
    <testcase classname="ManualItem href가 없으면 링크가 렌더링되지 않습니다." name="ManualItem href가 없으면 링크가 렌더링되지 않습니다." time="0.001" file="src/app/(route)/manual/_components/ManualItem/ManualItem.test.tsx">
    </testcase>
  </testsuite>
  <testsuite name="InputText 컴포넌트" errors="0" failures="0" skipped="0" timestamp="2025-12-03T11:04:25" time="0.338" tests="9">
    <testcase classname="InputText 컴포넌트 기본 요소(Label, Input)를 올바르게 렌더링하는지 확인" name="InputText 컴포넌트 기본 요소(Label, Input)를 올바르게 렌더링하는지 확인" time="0.022" file="src/components/common/Input/InputText/InputText.test.tsx">
    </testcase>
    <testcase classname="InputText 컴포넌트 validation.required가 true일 때 Label에 *가 표시되는지 확인" name="InputText 컴포넌트 validation.required가 true일 때 Label에 *가 표시되는지 확인" time="0.009" file="src/components/common/Input/InputText/InputText.test.tsx">
    </testcase>
    <testcase classname="InputText 컴포넌트 입력 시 값이 변경되고 DeleteButton(Mock)이 나타나는지 확인" name="InputText 컴포넌트 입력 시 값이 변경되고 DeleteButton(Mock)이 나타나는지 확인" time="0.048" file="src/components/common/Input/InputText/InputText.test.tsx">
    </testcase>
    <testcase classname="InputText 컴포넌트 DeleteButton 클릭 시 useFormInput의 onDelete(Mock)를 호출하는지 확인" name="InputText 컴포넌트 DeleteButton 클릭 시 useFormInput의 onDelete(Mock)를 호출하는지 확인" time="0.043" file="src/components/common/Input/InputText/InputText.test.tsx">
    </testcase>
    <testcase classname="InputText 컴포넌트 eyeShow=true일 때 &apos;비밀번호 보기/숨기기&apos; 버튼이 작동한다" name="InputText 컴포넌트 eyeShow=true일 때 &apos;비밀번호 보기/숨기기&apos; 버튼이 작동한다" time="0.015" file="src/components/common/Input/InputText/InputText.test.tsx">
    </testcase>
    <testcase classname="InputText 컴포넌트 children(Button)이 렌더링되고 클릭 시 btnOnClick을 호출하는지 확인" name="InputText 컴포넌트 children(Button)이 렌더링되고 클릭 시 btnOnClick을 호출하는지 확인" time="0.011" file="src/components/common/Input/InputText/InputText.test.tsx">
    </testcase>
    <testcase classname="InputText 컴포넌트 RHF 에러 발생 시 에러 클래스가 적용되고 Caption(Mock)이 에러 메시지를 렌더링한다" name="InputText 컴포넌트 RHF 에러 발생 시 에러 클래스가 적용되고 Caption(Mock)이 에러 메시지를 렌더링한다" time="0.038" file="src/components/common/Input/InputText/InputText.test.tsx">
    </testcase>
    <testcase classname=" isSuccess=true일 때 Caption(Mock)이 성공 메시지를 렌더링하는지 확인" name=" isSuccess=true일 때 Caption(Mock)이 성공 메시지를 렌더링하는지 확인" time="0.003" file="src/components/common/Input/InputText/InputText.test.tsx">
    </testcase>
    <testcase classname=" maxLength가 있을 때 Counter(Mock)에 글자 수가 반영하는지 확인" name=" maxLength가 있을 때 Counter(Mock)에 글자 수가 반영하는지 확인" time="0.03" file="src/components/common/Input/InputText/InputText.test.tsx">
    </testcase>
  </testsuite>
  <testsuite name="InputField (Textarea) 컴포넌트" errors="0" failures="0" skipped="0" timestamp="2025-12-03T11:04:25" time="0.279" tests="5">
    <testcase classname="InputField (Textarea) 컴포넌트 Label(Mock)과 textarea를 올바르게 렌더링하는지 확인" name="InputField (Textarea) 컴포넌트 Label(Mock)과 textarea를 올바르게 렌더링하는지 확인" time="0.007" file="src/components/common/Input/InputField/InputField.test.tsx">
    </testcase>
    <testcase classname="InputField (Textarea) 컴포넌트 타이핑 시 값이 변경되고 DeleteButton(Mock)이 나타나는지 확인" name="InputField (Textarea) 컴포넌트 타이핑 시 값이 변경되고 DeleteButton(Mock)이 나타나는지 확인" time="0.056" file="src/components/common/Input/InputField/InputField.test.tsx">
    </testcase>
    <testcase classname="InputField (Textarea) 컴포넌트 DeleteButton(Mock) 클릭 시 useFormInput의 onDelete(Mock)를 호출한다" name="InputField (Textarea) 컴포넌트 DeleteButton(Mock) 클릭 시 useFormInput의 onDelete(Mock)를 호출한다" time="0.033" file="src/components/common/Input/InputField/InputField.test.tsx">
    </testcase>
    <testcase classname="InputField (Textarea) 컴포넌트 maxLength가 있을 때 Counter(Mock)에 글자 수가 반영되는지 확인" name="InputField (Textarea) 컴포넌트 maxLength가 있을 때 Counter(Mock)에 글자 수가 반영되는지 확인" time="0.041" file="src/components/common/Input/InputField/InputField.test.tsx">
    </testcase>
    <testcase classname="InputField (Textarea) 컴포넌트 RHF 에러 발생 시 에러 클래스가 적용되고 Caption(Mock)이 에러 메시지를 렌더링한다" name="InputField (Textarea) 컴포넌트 RHF 에러 발생 시 에러 클래스가 적용되고 Caption(Mock)이 에러 메시지를 렌더링한다" time="0.032" file="src/components/common/Input/InputField/InputField.test.tsx">
    </testcase>
  </testsuite>
  <testsuite name="InputSearch 컴포넌트" errors="0" failures="0" skipped="0" timestamp="2025-12-03T11:04:24" time="1.085" tests="7">
    <testcase classname="InputSearch 컴포넌트 검색 아이콘과 입력창을 올바르게 렌더링하는지 확인" name="InputSearch 컴포넌트 검색 아이콘과 입력창을 올바르게 렌더링하는지 확인" time="0.034" file="src/components/common/Input/InputSearch/InputSearch.test.tsx">
    </testcase>
    <testcase classname="InputSearch 컴포넌트 mode: &quot;RHF&quot; (react-hook-form 연동) 입력 시 RHF 값(watch)이 변경되고 삭제 버튼이 나타난다" name="InputSearch 컴포넌트 mode: &quot;RHF&quot; (react-hook-form 연동) 입력 시 RHF 값(watch)이 변경되고 삭제 버튼이 나타난다" time="0.042" file="src/components/common/Input/InputSearch/InputSearch.test.tsx">
    </testcase>
    <testcase classname="InputSearch 컴포넌트 mode: &quot;RHF&quot; (react-hook-form 연동) Enter 키 입력 시 onEnter 함수를 RHF 값으로 호출하는지 확인" name="InputSearch 컴포넌트 mode: &quot;RHF&quot; (react-hook-form 연동) Enter 키 입력 시 onEnter 함수를 RHF 값으로 호출하는지 확인" time="0.061" file="src/components/common/Input/InputSearch/InputSearch.test.tsx">
    </testcase>
    <testcase classname="InputSearch 컴포넌트 mode: &quot;RHF&quot; (react-hook-form 연동) 삭제 버튼 클릭 시 RHF 값(setValue)이 초기화되는지 확인" name="InputSearch 컴포넌트 mode: &quot;RHF&quot; (react-hook-form 연동) 삭제 버튼 클릭 시 RHF 값(setValue)이 초기화되는지 확인" time="0.041" file="src/components/common/Input/InputSearch/InputSearch.test.tsx">
    </testcase>
    <testcase classname="InputSearch 컴포넌트 mode: &quot;onChange&quot; (내부 state 사용) 입력 시 내부 state 값이 변경되고 삭제 버튼이 나타나는지 확인" name="InputSearch 컴포넌트 mode: &quot;onChange&quot; (내부 state 사용) 입력 시 내부 state 값이 변경되고 삭제 버튼이 나타나는지 확인" time="0.025" file="src/components/common/Input/InputSearch/InputSearch.test.tsx">
    </testcase>
    <testcase classname="InputSearch 컴포넌트 mode: &quot;onChange&quot; (내부 state 사용) Enter 키 입력 시 onEnter 함수를 내부 state 값으로 호출하는지 확인" name="InputSearch 컴포넌트 mode: &quot;onChange&quot; (내부 state 사용) Enter 키 입력 시 onEnter 함수를 내부 state 값으로 호출하는지 확인" time="0.04" file="src/components/common/Input/InputSearch/InputSearch.test.tsx">
    </testcase>
    <testcase classname="InputSearch 컴포넌트 mode: &quot;onChange&quot; (내부 state 사용) 삭제 버튼 클릭 시 내부 state 값이 초기화된다" name="InputSearch 컴포넌트 mode: &quot;onChange&quot; (내부 state 사용) 삭제 버튼 클릭 시 내부 state 값이 초기화된다" time="0.035" file="src/components/common/Input/InputSearch/InputSearch.test.tsx">
    </testcase>
  </testsuite>
  <testsuite name="비슷한 분실물 섹션" errors="0" failures="0" skipped="0" timestamp="2025-12-03T11:04:25" time="0.239" tests="1">
    <testcase classname="비슷한 분실물 섹션 비슷한 분실물 섹션이 렌더링되어야 한다." name="비슷한 분실물 섹션 비슷한 분실물 섹션이 렌더링되어야 한다." time="0.014" file="src/app/(route)/list/[id]/_components/SimilarItemsSection/SimilarItemsSection.test.tsx">
    </testcase>
  </testsuite>
  <testsuite name="InputChat 컴포넌트" errors="0" failures="0" skipped="0" timestamp="2025-12-03T11:04:25" time="0.328" tests="7">
    <testcase classname="InputChat 컴포넌트 필수 요소들이 올바르게 렌더링 되는지 확인" name="InputChat 컴포넌트 필수 요소들이 올바르게 렌더링 되는지 확인" time="0.011" file="src/components/common/Input/InputChat/InputChat.test.tsx">
    </testcase>
    <testcase classname="InputChat 컴포넌트 입력창에 텍스트를 입력할 수 있는지 확인" name="InputChat 컴포넌트 입력창에 텍스트를 입력할 수 있는지 확인" time="0.042" file="src/components/common/Input/InputChat/InputChat.test.tsx">
    </testcase>
    <testcase classname="InputChat 컴포넌트 텍스트 입력 시 입력창에 &apos;text-neutral-strong-focused&apos; 클래스가 적용되는지 확인" name="InputChat 컴포넌트 텍스트 입력 시 입력창에 &apos;text-neutral-strong-focused&apos; 클래스가 적용되는지 확인" time="0.015" file="src/components/common/Input/InputChat/InputChat.test.tsx">
    </testcase>
    <testcase classname="InputChat 컴포넌트 전송 버튼이 비어있는 입력값일 때 비활성화되는지 확인" name="InputChat 컴포넌트 전송 버튼이 비어있는 입력값일 때 비활성화되는지 확인" time="0.003" file="src/components/common/Input/InputChat/InputChat.test.tsx">
    </testcase>
    <testcase classname="InputChat 컴포넌트 전송 버튼이 입력값이 있을 때 활성화되는지 확인" name="InputChat 컴포넌트 전송 버튼이 입력값이 있을 때 활성화되는지 확인" time="0.032" file="src/components/common/Input/InputChat/InputChat.test.tsx">
    </testcase>
    <testcase classname="InputChat 컴포넌트 disabled prop이 true일 때 입력창이 비활성화되는지 확인" name="InputChat 컴포넌트 disabled prop이 true일 때 입력창이 비활성화되는지 확인" time="0.002" file="src/components/common/Input/InputChat/InputChat.test.tsx">
    </testcase>
    <testcase classname="InputChat 컴포넌트 disabled prop이 true일 때 전송 버튼이 비활성화되는지 확인" name="InputChat 컴포넌트 disabled prop이 true일 때 전송 버튼이 비활성화되는지 확인" time="0.002" file="src/components/common/Input/InputChat/InputChat.test.tsx">
    </testcase>
  </testsuite>
  <testsuite name="ImageSection" errors="0" failures="0" skipped="0" timestamp="2025-12-03T11:04:25" time="0.097" tests="5">
    <testcase classname="ImageSection 섹션이 렌더링되어야 한다" name="ImageSection 섹션이 렌더링되어야 한다" time="0.007" file="src/app/(route)/write/_components/ImageSection/ImageSection.test.tsx">
    </testcase>
    <testcase classname="ImageSection 카메라 아이콘과 (0/5) 텍스트가 보여야 한다" name="ImageSection 카메라 아이콘과 (0/5) 텍스트가 보여야 한다" time="0.003" file="src/app/(route)/write/_components/ImageSection/ImageSection.test.tsx">
    </testcase>
    <testcase classname="ImageSection 안내 문구가 보여야 한다" name="ImageSection 안내 문구가 보여야 한다" time="0.002" file="src/app/(route)/write/_components/ImageSection/ImageSection.test.tsx">
    </testcase>
    <testcase classname="ImageSection 박스를 클릭하면 숨겨진 file input의 click이 호출되어야 한다" name="ImageSection 박스를 클릭하면 숨겨진 file input의 click이 호출되어야 한다" time="0.02" file="src/app/(route)/write/_components/ImageSection/ImageSection.test.tsx">
    </testcase>
    <testcase classname="ImageSection file input은 이미지 확장자만 허용해야 한다" name="ImageSection file input은 이미지 확장자만 허용해야 한다" time="0.002" file="src/app/(route)/write/_components/ImageSection/ImageSection.test.tsx">
    </testcase>
  </testsuite>
  <testsuite name="ManualPopup" errors="0" failures="0" skipped="0" timestamp="2025-12-03T11:04:25" time="0.091" tests="3">
    <testcase classname="ManualPopup isOpen=true일 때 콘텐츠가 렌더링됩니다." name="ManualPopup isOpen=true일 때 콘텐츠가 렌더링됩니다." time="0.029" file="src/app/(route)/manual/_components/ManualPopup/ManualPopup.test.tsx">
    </testcase>
    <testcase classname="ManualPopup isOpen=false일 때 렌더링되지 않습니다." name="ManualPopup isOpen=false일 때 렌더링되지 않습니다." time="0.001" file="src/app/(route)/manual/_components/ManualPopup/ManualPopup.test.tsx">
    </testcase>
    <testcase classname="ManualPopup ‘다음에 볼게요’ 클릭 시 onClose가 호출됩니다." name="ManualPopup ‘다음에 볼게요’ 클릭 시 onClose가 호출됩니다." time="0.005" file="src/app/(route)/manual/_components/ManualPopup/ManualPopup.test.tsx">
    </testcase>
  </testsuite>
  <testsuite name="ListItem" errors="0" failures="0" skipped="0" timestamp="2025-12-03T11:04:25" time="0.068" tests="1">
    <testcase classname="ListItem list: 타이틀/설명/배지/칩/아이콘/이미지와 올바른 링크를 렌더링합니다" name="ListItem list: 타이틀/설명/배지/칩/아이콘/이미지와 올바른 링크를 렌더링합니다" time="0.016" file="src/app/(route)/list/_components/ListItem/ListItem.test.tsx">
    </testcase>
  </testsuite>
  <testsuite name="문의 리스트 테스트" errors="0" failures="0" skipped="0" timestamp="2025-12-03T11:04:25" time="0.251" tests="1">
    <testcase classname="문의 리스트 테스트 문의 데이터 제목이 화면에 렌더링 되어야 한다." name="문의 리스트 테스트 문의 데이터 제목이 화면에 렌더링 되어야 한다." time="0.015" file="src/app/(route)/notice/_components/CustomerList/CustomerList.test.tsx">
    </testcase>
  </testsuite>
  <testsuite name="공지사항 상세 페이지 ID 일치 테스트" errors="0" failures="0" skipped="0" timestamp="2025-12-03T11:04:25" time="0.266" tests="1">
    <testcase classname="공지사항 상세 페이지 ID 일치 테스트 URL의 동적 라우팅 ID와 상세 페이지에서 사용하는 ID가 일치해야 한다." name="공지사항 상세 페이지 ID 일치 테스트 URL의 동적 라우팅 ID와 상세 페이지에서 사용하는 ID가 일치해야 한다." time="0.014" file="src/app/(route)/notice/[id]/NoticeDetail.test.tsx">
    </testcase>
  </testsuite>
  <testsuite name="게시글 상세 페이지" errors="0" failures="0" skipped="0" timestamp="2025-12-03T11:04:25" time="0.274" tests="4">
    <testcase classname="게시글 상세 페이지 게시글 상세 페이지의 제목이 렌더링되어야 한다." name="게시글 상세 페이지 게시글 상세 페이지의 제목이 렌더링되어야 한다." time="0.01" file="src/app/(route)/list/[id]/_components/PostDetail/PostDetail.test.tsx">
    </testcase>
    <testcase classname="게시글 상세 페이지 게시글 상세 페이지의 시간이 렌더링되어야 한다." name="게시글 상세 페이지 게시글 상세 페이지의 시간이 렌더링되어야 한다." time="0.003" file="src/app/(route)/list/[id]/_components/PostDetail/PostDetail.test.tsx">
    </testcase>
    <testcase classname="게시글 상세 페이지 게시글 상세 페이지의 내용이 렌더링되어야 한다." name="게시글 상세 페이지 게시글 상세 페이지의 내용이 렌더링되어야 한다." time="0.007" file="src/app/(route)/list/[id]/_components/PostDetail/PostDetail.test.tsx">
    </testcase>
    <testcase classname="게시글 상세 페이지 게시글 상세 페이지의 조회수와 좋아요가 렌더링되어야 한다." name="게시글 상세 페이지 게시글 상세 페이지의 조회수와 좋아요가 렌더링되어야 한다." time="0.003" file="src/app/(route)/list/[id]/_components/PostDetail/PostDetail.test.tsx">
    </testcase>
  </testsuite>
  <testsuite name="Chip" errors="0" failures="0" skipped="0" timestamp="2025-12-03T11:04:25" time="0.055" tests="5">
    <testcase classname="Chip type을 전달하지 않으면 기본값(status) 스타일이 적용됩니다" name="Chip type을 전달하지 않으면 기본값(status) 스타일이 적용됩니다" time="0.007" file="src/components/common/Chip/Chip.test.tsx">
    </testcase>
    <testcase classname="Chip type이 status일 때 라벨이 STATUS로 렌더링됩니다" name="Chip type이 status일 때 라벨이 STATUS로 렌더링됩니다" time="0.001" file="src/components/common/Chip/Chip.test.tsx">
    </testcase>
    <testcase classname="Chip type이 category일 때 라벨이 CATEGORY로 렌더링됩니다" name="Chip type이 category일 때 라벨이 CATEGORY로 렌더링됩니다" time="0" file="src/components/common/Chip/Chip.test.tsx">
    </testcase>
    <testcase classname="Chip type이 status일 때 배경색, 텍스트 컬러가 bg-flatGreen-75 text-flatGreen-500 렌더링됩니다" name="Chip type이 status일 때 배경색, 텍스트 컬러가 bg-flatGreen-75 text-flatGreen-500 렌더링됩니다" time="0.001" file="src/components/common/Chip/Chip.test.tsx">
    </testcase>
    <testcase classname="Chip type이 category일 때 배경색, 텍스트 컬러가 bg-flatGray-25 text-flatGray-500 렌더링됩니다" name="Chip type이 category일 때 배경색, 텍스트 컬러가 bg-flatGray-25 text-flatGray-500 렌더링됩니다" time="0" file="src/components/common/Chip/Chip.test.tsx">
    </testcase>
  </testsuite>
  <testsuite name="UserHeader" errors="0" failures="0" skipped="0" timestamp="2025-12-03T11:04:25" time="0.051" tests="2">
    <testcase classname="UserHeader 닉네임과 이메일이 표시되어야 합니다" name="UserHeader 닉네임과 이메일이 표시되어야 합니다" time="0.002" file="src/app/(route)/user/[id]/_components/UserHeader/UserHeader.test.tsx">
    </testcase>
    <testcase classname="UserHeader 이메일 인증 아이콘이 표시되어야 합니다" name="UserHeader 이메일 인증 아이콘이 표시되어야 합니다" time="0.004" file="src/app/(route)/user/[id]/_components/UserHeader/UserHeader.test.tsx">
    </testcase>
  </testsuite>
  <testsuite name="상세페이지 상단 헤더" errors="0" failures="0" skipped="0" timestamp="2025-12-03T11:04:25" time="0.251" tests="3">
    <testcase classname="상세페이지 상단 헤더 헤더가 렌더링되어야 한다." name="상세페이지 상단 헤더 헤더가 렌더링되어야 한다." time="0.012" file="src/app/(route)/list/[id]/_components/PostDetailHeader/PostDetailHeader.test.tsx">
    </testcase>
    <testcase classname="상세페이지 상단 헤더 닉네임이 렌더링되어야 한다." name="상세페이지 상단 헤더 닉네임이 렌더링되어야 한다." time="0.002" file="src/app/(route)/list/[id]/_components/PostDetailHeader/PostDetailHeader.test.tsx">
    </testcase>
    <testcase classname="상세페이지 상단 헤더 채팅하러가기 버튼이 렌더링되어야 한다." name="상세페이지 상단 헤더 채팅하러가기 버튼이 렌더링되어야 한다." time="0.018" file="src/app/(route)/list/[id]/_components/PostDetailHeader/PostDetailHeader.test.tsx">
    </testcase>
  </testsuite>
  <testsuite name="RequiredText" errors="0" failures="0" skipped="0" timestamp="2025-12-03T11:04:25" time="0.037" tests="3">
    <testcase classname="RequiredText * 텍스트가 렌더됩니다." name="RequiredText * 텍스트가 렌더됩니다." time="0.002" file="src/components/common/RequiredText/RequiredText.test.tsx">
    </testcase>
    <testcase classname="RequiredText text-flatGreen-500 스타일이 적용됩니다." name="RequiredText text-flatGreen-500 스타일이 적용됩니다." time="0.001" file="src/components/common/RequiredText/RequiredText.test.tsx">
    </testcase>
    <testcase classname="RequiredText className이 전달됩니다." name="RequiredText className이 전달됩니다." time="0" file="src/components/common/RequiredText/RequiredText.test.tsx">
    </testcase>
  </testsuite>
  <testsuite name="ActionSection" errors="0" failures="0" skipped="0" timestamp="2025-12-03T11:04:25" time="0.056" tests="3">
    <testcase classname="ActionSection 섹션과 제출 버튼이 렌더링되어야 합니다" name="ActionSection 섹션과 제출 버튼이 렌더링되어야 합니다" time="0.008" file="src/app/(route)/write/_components/ActionSection/ActionSection.test.tsx">
    </testcase>
    <testcase classname="ActionSection disabled=false일 때 활성화 스타일이 적용되어야 합니다" name="ActionSection disabled=false일 때 활성화 스타일이 적용되어야 합니다" time="0.002" file="src/app/(route)/write/_components/ActionSection/ActionSection.test.tsx">
    </testcase>
    <testcase classname="ActionSection disabled=true일 때 비활성화 스타일이 적용되어야 합니다" name="ActionSection disabled=true일 때 비활성화 스타일이 적용되어야 합니다" time="0.001" file="src/app/(route)/write/_components/ActionSection/ActionSection.test.tsx">
    </testcase>
  </testsuite>
  <testsuite name="문의 상세 페이지 ID 일치 테스트" errors="0" failures="0" skipped="0" timestamp="2025-12-03T11:04:25" time="0.275" tests="1">
    <testcase classname="문의 상세 페이지 ID 일치 테스트 URL의 동적 라우팅 ID와 상세 페이지에서 사용하는 ID가 일치해야 한다." name="문의 상세 페이지 ID 일치 테스트 URL의 동적 라우팅 ID와 상세 페이지에서 사용하는 ID가 일치해야 한다." time="0.035" file="src/app/(route)/notice/customer/[id]/CustomerDetail.test.tsx">
    </testcase>
  </testsuite>
  <testsuite name="ContentSection" errors="0" failures="0" skipped="0" timestamp="2025-12-03T11:04:25" time="0.075" tests="4">
    <testcase classname="ContentSection 내용 입력 섹션이 렌더링되어야 한다" name="ContentSection 내용 입력 섹션이 렌더링되어야 한다" time="0.003" file="src/app/(route)/write/_components/ContentSection/ContentSection.test.tsx">
    </testcase>
    <testcase classname="ContentSection 라벨과 RequiredText가 표시되어야 한다" name="ContentSection 라벨과 RequiredText가 표시되어야 한다" time="0.003" file="src/app/(route)/write/_components/ContentSection/ContentSection.test.tsx">
    </testcase>
    <testcase classname="ContentSection textarea가 존재하고 placeholder와 required 속성을 가져야 한다" name="ContentSection textarea가 존재하고 placeholder와 required 속성을 가져야 한다" time="0.002" file="src/app/(route)/write/_components/ContentSection/ContentSection.test.tsx">
    </testcase>
    <testcase classname="ContentSection textarea의 rows 기본값은 3이어야 한다" name="ContentSection textarea의 rows 기본값은 3이어야 한다" time="0.013" file="src/app/(route)/write/_components/ContentSection/ContentSection.test.tsx">
    </testcase>
  </testsuite>
  <testsuite name="Badge" errors="0" failures="0" skipped="0" timestamp="2025-12-03T11:04:25" time="0.06" tests="4">
    <testcase classname="Badge variant가 new일 때 라벨이 NEW로 렌더링됩니다" name="Badge variant가 new일 때 라벨이 NEW로 렌더링됩니다" time="0.002" file="src/components/common/Badge/Badge.test.tsx">
    </testcase>
    <testcase classname="Badge variant가 hot일 때 라벨이 HOT로 렌더링됩니다" name="Badge variant가 hot일 때 라벨이 HOT로 렌더링됩니다" time="0.001" file="src/components/common/Badge/Badge.test.tsx">
    </testcase>
    <testcase classname="Badge variant가 new일 때 배경색이 #1EB87B로 렌더링됩니다" name="Badge variant가 new일 때 배경색이 #1EB87B로 렌더링됩니다" time="0.001" file="src/components/common/Badge/Badge.test.tsx">
    </testcase>
    <testcase classname="Badge variant가 hot일 때 배경색이 FF4242로 렌더링됩니다" name="Badge variant가 hot일 때 배경색이 FF4242로 렌더링됩니다" time="0.001" file="src/components/common/Badge/Badge.test.tsx">
    </testcase>
  </testsuite>
  <testsuite name="useModalLockAndEsc" errors="0" failures="0" skipped="0" timestamp="2025-12-03T11:04:25" time="0.047" tests="5">
    <testcase classname="useModalLockAndEsc 모달이 열리면 body 스크롤을 잠그고 ESC로 onClose를 호출합니다." name="useModalLockAndEsc 모달이 열리면 body 스크롤을 잠그고 ESC로 onClose를 호출합니다." time="0.004" file="src/hooks/useOverlayHandlers/useOverlayHandlers.test.tsx">
    </testcase>
    <testcase classname="useModalLockAndEsc 언마운트 시 body overflow를 이전 값으로 복원합니다." name="useModalLockAndEsc 언마운트 시 body overflow를 이전 값으로 복원합니다." time="0.001" file="src/hooks/useOverlayHandlers/useOverlayHandlers.test.tsx">
    </testcase>
    <testcase classname="useModalLockAndEsc isOpen=false이면 스크롤 잠금과 키 이벤트가 설정되지 않습니다." name="useModalLockAndEsc isOpen=false이면 스크롤 잠금과 키 이벤트가 설정되지 않습니다." time="0" file="src/hooks/useOverlayHandlers/useOverlayHandlers.test.tsx">
    </testcase>
    <testcase classname="useModalBackdrop 배경을 클릭하면 onClose가 호출됩니다." name="useModalBackdrop 배경을 클릭하면 onClose가 호출됩니다." time="0.001" file="src/hooks/useOverlayHandlers/useOverlayHandlers.test.tsx">
    </testcase>
    <testcase classname="useModalBackdrop 콘텐츠를 클릭하면 onClose가 호출되지 않습니다." name="useModalBackdrop 콘텐츠를 클릭하면 onClose가 호출되지 않습니다." time="0.002" file="src/hooks/useOverlayHandlers/useOverlayHandlers.test.tsx">
    </testcase>
  </testsuite>
  <testsuite name="CommentItem" errors="0" failures="0" skipped="0" timestamp="2025-12-03T11:04:25" time="0.167" tests="4">
    <testcase classname="CommentItem 댓글 텍스트가 표시되어야 합니다" name="CommentItem 댓글 텍스트가 표시되어야 합니다" time="0.008" file="src/app/(route)/user/[id]/_components/_internal/CommentItem/CommentItem.test.tsx">
    </testcase>
    <testcase classname="CommentItem 날짜가 표시되어야 합니다" name="CommentItem 날짜가 표시되어야 합니다" time="0.011" file="src/app/(route)/user/[id]/_components/_internal/CommentItem/CommentItem.test.tsx">
    </testcase>
    <testcase classname="CommentItem 즐겨찾기(별) 카운트가 표시되어야 합니다" name="CommentItem 즐겨찾기(별) 카운트가 표시되어야 합니다" time="0.008" file="src/app/(route)/user/[id]/_components/_internal/CommentItem/CommentItem.test.tsx">
    </testcase>
    <testcase classname="CommentItem 한 줄 말줄임 클래스(line-clamp-1)가 적용되어야 합니다" name="CommentItem 한 줄 말줄임 클래스(line-clamp-1)가 적용되어야 합니다" time="0.001" file="src/app/(route)/user/[id]/_components/_internal/CommentItem/CommentItem.test.tsx">
    </testcase>
  </testsuite>
  <testsuite name="formatNumber" errors="0" failures="0" skipped="0" timestamp="2025-12-03T11:04:25" time="0.031" tests="4">
    <testcase classname="formatNumber NaN이면 &apos;0&apos;을 반환합니다" name="formatNumber NaN이면 &apos;0&apos;을 반환합니다" time="0" file="src/utils/formatNumber/formatNumber.test.ts">
    </testcase>
    <testcase classname="formatNumber 0과 한 자리 수를 그대로 문자열로 반환합니다" name="formatNumber 0과 한 자리 수를 그대로 문자열로 반환합니다" time="0" file="src/utils/formatNumber/formatNumber.test.ts">
    </testcase>
    <testcase classname="formatNumber 천 단위 구분 기호를 적용합니다" name="formatNumber 천 단위 구분 기호를 적용합니다" time="0.001" file="src/utils/formatNumber/formatNumber.test.ts">
    </testcase>
    <testcase classname="formatNumber 10,000 이상이면 &apos;9,999+&apos;를 반환합니다" name="formatNumber 10,000 이상이면 &apos;9,999+&apos;를 반환합니다" time="0" file="src/utils/formatNumber/formatNumber.test.ts">
    </testcase>
  </testsuite>
  <testsuite name="댓글 폼 테스트" errors="0" failures="0" skipped="0" timestamp="2025-12-03T11:04:25" time="0.263" tests="4">
    <testcase classname="댓글 폼 테스트 댓글 폼이 렌더링되어야 한다." name="댓글 폼 테스트 댓글 폼이 렌더링되어야 한다." time="0.012" file="src/app/(route)/list/[id]/_components/CommentForm/CommentForm.test.tsx">
    </testcase>
    <testcase classname="댓글 폼 테스트 이미지 추가 버튼이 렌더링되어야 한다." name="댓글 폼 테스트 이미지 추가 버튼이 렌더링되어야 한다." time="0.006" file="src/app/(route)/list/[id]/_components/CommentForm/CommentForm.test.tsx">
    </testcase>
    <testcase classname="댓글 폼 테스트 댓글 전송 버튼이 렌더링되어야 한다." name="댓글 폼 테스트 댓글 전송 버튼이 렌더링되어야 한다." time="0.009" file="src/app/(route)/list/[id]/_components/CommentForm/CommentForm.test.tsx">
    </testcase>
    <testcase classname="댓글 폼 테스트 댓글 입력 필드가 렌더링되어야 한다." name="댓글 폼 테스트 댓글 입력 필드가 렌더링되어야 한다." time="0.015" file="src/app/(route)/list/[id]/_components/CommentForm/CommentForm.test.tsx">
    </testcase>
  </testsuite>
  <testsuite name="비슷한 분실물 아이템" errors="0" failures="0" skipped="0" timestamp="2025-12-03T11:04:25" time="0.305" tests="3">
    <testcase classname="비슷한 분실물 아이템 제목이 렌더링되어야 한다." name="비슷한 분실물 아이템 제목이 렌더링되어야 한다." time="0.034" file="src/app/(route)/list/[id]/_components/SimilarItem/SimilarItem.test.tsx">
    </testcase>
    <testcase classname="비슷한 분실물 아이템 위치가 렌더링되어야 한다." name="비슷한 분실물 아이템 위치가 렌더링되어야 한다." time="0.002" file="src/app/(route)/list/[id]/_components/SimilarItem/SimilarItem.test.tsx">
    </testcase>
    <testcase classname="비슷한 분실물 아이템 위치와 시간이 렌더링되어야 한다." name="비슷한 분실물 아이템 위치와 시간이 렌더링되어야 한다." time="0.035" file="src/app/(route)/list/[id]/_components/SimilarItem/SimilarItem.test.tsx">
    </testcase>
  </testsuite>
  <testsuite name="공지사항 리스트 테스트" errors="0" failures="0" skipped="0" timestamp="2025-12-03T11:04:25" time="0.233" tests="1">
    <testcase classname="공지사항 리스트 테스트 목업 데이터 제목이 화면에 렌더링 되어야 한다." name="공지사항 리스트 테스트 목업 데이터 제목이 화면에 렌더링 되어야 한다." time="0.051" file="src/app/(route)/notice/_components/NoticeView/NoticeList.test.tsx">
    </testcase>
  </testsuite>
  <testsuite name="useHiddenPath" errors="0" failures="0" skipped="0" timestamp="2025-12-03T11:04:25" time="0.035" tests="3">
    <testcase classname="useHiddenPath pathname이 &apos;/&apos;일 경우 false를 반환해야 한다" name="useHiddenPath pathname이 &apos;/&apos;일 경우 false를 반환해야 한다" time="0.001" file="src/hooks/useHiddenPath/useHiddenPath.test.ts">
    </testcase>
    <testcase classname="useHiddenPath pathname이 &apos;/&apos;가 아닐 경우 true를 반환해야 한다" name="useHiddenPath pathname이 &apos;/&apos;가 아닐 경우 true를 반환해야 한다" time="0" file="src/hooks/useHiddenPath/useHiddenPath.test.ts">
    </testcase>
    <testcase classname="useHiddenPath pathname이 null일 경우 true를 반환해야 한다" name="useHiddenPath pathname이 null일 경우 true를 반환해야 한다" time="0.001" file="src/hooks/useHiddenPath/useHiddenPath.test.ts">
    </testcase>
  </testsuite>
  <testsuite name="Counter 컴포넌트" errors="0" failures="0" skipped="0" timestamp="2025-12-03T11:04:25" time="0.054" tests="3">
    <testcase classname="Counter 컴포넌트 maxLength와 isLength가 제공되면 &apos;isLength/maxLength&apos;형식으로 렌더링 하는지 확인" name="Counter 컴포넌트 maxLength와 isLength가 제공되면 &apos;isLength/maxLength&apos;형식으로 렌더링 하는지 확인" time="0.002" file="src/components/common/Input/_internal/Counter/Counter.test.tsx">
    </testcase>
    <testcase classname="Counter 컴포넌트 isLength가 0일 때 &apos;0/maxLength&apos;형식으로 렌더링 하는지 확인" name="Counter 컴포넌트 isLength가 0일 때 &apos;0/maxLength&apos;형식으로 렌더링 하는지 확인" time="0.001" file="src/components/common/Input/_internal/Counter/Counter.test.tsx">
    </testcase>
    <testcase classname="Counter 컴포넌트 maxLength props가 제공되지 않으면 아무것도 렌더링 하지 않는지 확인" name="Counter 컴포넌트 maxLength props가 제공되지 않으면 아무것도 렌더링 하지 않는지 확인" time="0" file="src/components/common/Input/_internal/Counter/Counter.test.tsx">
    </testcase>
  </testsuite>
</testsuites>